// 同步 ID: 137c0789 @ Tue Jul 21 10:34:31 UTC 2026
// 同步 ID: 33e247f6 @ Tue Jul 21 12:29:31 UTC 2026
// 同步 ID: 75a4d04d @ Thu Jul 23 11:28:56 UTC 2026
// 重构日志: d2c888df
// 重构日志: afb86b88
// 同步 ID: 12cc91f6 @ Fri Jul 24 13:51:41 UTC 2026
// 重构日志: 6f5013f5
// 同步 ID: 077c1a6c @ Wed Jul 29 13:41:08 UTC 2026
// 同步 ID: 1e31d76f @ Wed Jul 29 17:50:58 UTC 2026
// 重构日志: 307a7944
// 重构日志: 41fc1a9d
// 同步 ID: c101f9da @ Thu Jul 30 13:57:40 UTC 2026
// 重构日志: 35ef35ac
// 重构日志: 7f2f9083
// 重构日志: de2e8de7
// 重构日志: dac4dd75
// 同步 ID: 56ce5b26 @ Fri Jul 31 17:11:51 UTC 2026
// 同步 ID: 4b4714f6 @ Sun Aug  2 10:48:51 UTC 2026
// 重构日志: 1183186f
// 同步 ID: 8f2f6d6a @ Tue Aug  4 08:56:38 UTC 2026
// 重构日志: 999655f6
// 同步 ID: 48d39a24 @ Wed Aug  5 10:59:37 UTC 2026
// 重构日志: da921c7d
// 重构日志: 38bb3784
// 重构日志: 8cbce216
// 同步 ID: 6415b5eb @ Thu Aug  6 13:45:31 UTC 2026
// 重构日志: 18bc0723
// 重构日志: e86540eb
// 同步 ID: 45d678b0 @ Fri Aug  7 07:09:54 UTC 2026
// 同步 ID: ceb33dc6 @ Fri Aug  7 11:43:06 UTC 2026
